10:52:28 **** Incremental Build of configuration Debug for project a7.q3 ****
make -j12 all 
arm-none-eabi-gcc "../Core/Src/main.c" -mcpu=cortex-m4 -std=gnu11 -g3 -DDEBUG -DUSE_HAL_DRIVER -DSTM32F407xx -c -I../Core/Inc -I../Drivers/STM32F4xx_HAL_Driver/Inc -I../Drivers/STM32F4xx_HAL_Driver/Inc/Legacy -I../Drivers/CMSIS/Device/ST/STM32F4xx/Include -I../Drivers/CMSIS/Include -O0 -ffunction-sections -fdata-sections -Wall -fstack-usage -fcyclomatic-complexity -MMD -MP -MF"Core/Src/main.d" -MT"Core/Src/main.o" --specs=nano.specs -mfpu=fpv4-sp-d16 -mfloat-abi=hard -mthumb -o "Core/Src/main.o"
arm-none-eabi-gcc -o "a7.q3.elf" @"objects.list"   -mcpu=cortex-m4 -T"D:\assignment7\a7.q3\STM32F407VGTX_FLASH.ld" --specs=nosys.specs -Wl,-Map="a7.q3.map" -Wl,--gc-sections -static --specs=nano.specs -mfpu=fpv4-sp-d16 -mfloat-abi=hard -mthumb -Wl,--start-group -lc -lm -Wl,--end-group
Finished building target: a7.q3.elf
 
arm-none-eabi-size  a7.q3.elf 
arm-none-eabi-objdump -h -S a7.q3.elf  > "a7.q3.list"
   text	   data	    bss	    dec	    hex	filename
  11648	     92	   2084	  13824	   3600	a7.q3.elf
Finished building: default.size.stdout
 
Finished building: a7.q3.list
 

10:52:29 Build Finished. 0 errors, 0 warnings. (took 829ms)

