13:20:13 **** Incremental Build of configuration Debug for project dht11 ****
make -j12 all 
arm-none-eabi-size  dht11.elf 
   text	   data	    bss	    dec	    hex	filename
  11716	     92	   1972	  13780	   35d4	dht11.elf
Finished building: default.size.stdout
 
13:20:38 **** Incremental Build of configuration Debug for project dht11 ****
make -j12 all 
arm-none-eabi-size  dht11.elf 
   text	   data	    bss	    dec	    hex	filename
  11716	     92	   1972	  13780	   35d4	dht11.elf
Finished building: default.size.stdout
 
13:22:34 **** Incremental Build of configuration Debug for project dht11 ****
make -j12 all 
arm-none-eabi-size  dht11.elf 
   text	   data	    bss	    dec	    hex	filename
  11716	     92	   1972	  13780	   35d4	dht11.elf
Finished building: default.size.stdout
 
13:23:04 **** Incremental Build of configuration Debug for project dht11 ****
make -j12 all 
arm-none-eabi-size  dht11.elf 
   text	   data	    bss	    dec	    hex	filename
  11716	     92	   1972	  13780	   35d4	dht11.elf
Finished building: default.size.stdout
 
