13:20:58 **** Incremental Build of configuration Debug for project Q.3 ****
make -j12 all 
arm-none-eabi-gcc "../Core/Src/main.c" -mcpu=cortex-m4 -std=gnu11 -g3 -DDEBUG -DUSE_HAL_DRIVER -DSTM32F407xx -c -I../Core/Inc -I../Drivers/STM32F4xx_HAL_Driver/Inc -I../Drivers/STM32F4xx_HAL_Driver/Inc/Legacy -I../Drivers/CMSIS/Device/ST/STM32F4xx/Include -I../Drivers/CMSIS/Include -O0 -ffunction-sections -fdata-sections -Wall -fstack-usage -fcyclomatic-complexity -MMD -MP -MF"Core/Src/main.d" -MT"Core/Src/main.o" --specs=nano.specs -mfpu=fpv4-sp-d16 -mfloat-abi=hard -mthumb -o "Core/Src/main.o"
arm-none-eabi-gcc -o "Q.3.elf" @"objects.list"   -mcpu=cortex-m4 -T"D:\stmprojects\ASSIGNMENT-6\Q.3\STM32F407VGTX_FLASH.ld" --specs=nosys.specs -Wl,-Map="Q.3.map" -Wl,--gc-sections -static --specs=nano.specs -mfpu=fpv4-sp-d16 -mfloat-abi=hard -mthumb -Wl,--start-group -lc -lm -Wl,--end-group
Finished building target: Q.3.elf
 
arm-none-eabi-size  Q.3.elf 
arm-none-eabi-objdump -h -S Q.3.elf  > "Q.3.list"
   text	   data	    bss	    dec	    hex	filename
   6104	     12	   1572	   7688	   1e08	Q.3.elf
Finished building: default.size.stdout
 
Finished building: Q.3.list
 

13:21:01 Build Finished. 0 errors, 0 warnings. (took 2s.467ms)

